code=021d69c31817116965c75170f72251cTresult = {"access_token":"OezXcEiiBSKSxW0eoylIeMSLYDgFGJnm7T8ASnZ5Wjbp4MeACOUK0RX3GnrPWCd76eki15fLTdJCSLrW4z5-dlZrApNu7RiL4R3X4VU_wffNHwbhsjxQAJKPP44w0P_EfT4ZhjMtkLI0_SNC5IYUTQ","expires_in":7200,"refresh_token":"OezXcEiiBSKSxW0eoylIeMSLYDgFGJnm7T8ASnZ5Wjbp4MeACOUK0RX3GnrPWCd7HdiB9RukodWAWt18BBDSDkhF-EchqZjQkGXxeW-uvq8uIBlGBykHcNblk09vXemNi7Ux2OZupGztr4YGFtUD7Q","openid":"oT0S1t3U_9LaeFTBuHkg1uruvKvY","scope":"snsapi_userinfo"}
result = {"openid":"oT0S1t3U_9LaeFTBuHkg1uruvKvY","nickname":"Meepo","sex":1,"language":"zh_CN","city":"Foshan","province":"Guangdong","country":"CN","headimgurl":"http:\/\/wx.qlogo.cn\/mmopen\/ucJIXEQyVLCuOMm3zxno195KoUG16u9eVvjzumAzS5h46XTQupXqSXvSlSTnCZ7Dbsegp8C54yCrRG9oIwBn7Gro9SsMxg3k\/0","privilege":[]}\nwrite database\nwrite database\nwrite database